---
source: buildpacks/nodejs-npm-engine/src/errors.rs
---
! Error resolving requested `npm` version `1.2.3`
!
! The requested npm version could not be resolved to a known release in this buildpack's inventory of npm releases.
!
! Suggestions:
! - Confirm if this is a valid npm release at https://www.npmjs.com/package/npm?activeTab=versions or by running `npm show 'npm@1.2.3' versions`
! - Check if this buildpack includes the requested npm version in its inventory file at https://github.com/heroku/buildpacks-nodejs/blob/main/buildpacks/nodejs-npm-engine/inventory.toml
! - Update the `engines.npm` field in `package.json` to a single version or version range that includes a published `npm` version.
!
! If the issue persists and you think you found a bug in the buildpack, reproduce the issue locally with a minimal example. Open an issue in the buildpack's GitHub repository and include the details here:
! https://github.com/heroku/buildpacks-nodejs/issues
