---
source: buildpacks/nodejs-engine/src/errors.rs
---
! Unknown Node.js version: `0.0.0`
!
! The Node.js version provided could not be resolved to a known release in this buildpack's inventory of Node.js releases.
!
! Suggestions:
! - Confirm if this is a valid Node.js release at https://github.com/nodejs/node/releases?q=v0.0.0&expanded=true
! - Check if this buildpack includes the requested Node.js version in its inventory file at https://github.com/heroku/buildpacks-nodejs/blob/main/buildpacks/nodejs-engine/inventory.toml
!
! If the issue persists and you think you found a bug in the buildpack, reproduce the issue locally with a minimal example. Open an issue in the buildpack's GitHub repository and include the details here:
! https://github.com/heroku/buildpacks-nodejs/issues
