---
source: test_support/src/lib.rs
---
## Heroku Node.js Engine

- Checking Node.js version
  - Detected Node.js version range: `16.20.2`
  - Resolved Node.js version: `16.20.2`
- Installing Node.js distribution
  - GET https://nodejs.org/download/release/v16.20.2/node-v16.20.2-<arch>.tar.gz ... (OK)
  - Downloading ... (<time_elapsed>)
  - Verifying checksum
  - Extracting Node.js `16.20.2 (<arch>)`
  - Installing Node.js `16.20.2 (<arch>)` ... (<time_elapsed>)
- Done (finished in <time_elapsed>)

## Heroku Node.js npm Engine

- Determining npm package information
  - Found `engines.npm` version `9.6.6` declared in `package.json`
  - GET https://registry.npmjs.org/npm ... (OK)
  - Downloading ... (<time_elapsed>)
  - Resolved npm version `9.6.6` to `9.6.6`
- Installing npm
  - GET https://registry.npmjs.org/npm/-/npm-9.6.6.tgz ... (OK)
  - Downloading ... (<time_elapsed>)
  - Removing npm bundled with Node.js
  - Installing requested npm
  - Successfully installed `npm@9.6.6`
- Done (finished in <time_elapsed>)

## Heroku Node.js npm Install

- Installing node modules
  - Using npm version `9.6.6`
  - Creating npm cache
  - Configuring npm cache directory
  - Running `npm ci "--production=false"`

      npm WARN config production Use `--omit=dev` instead.
      npm WARN old lockfile 
      npm WARN old lockfile The package-lock.json file was created with an old version of npm,
      npm WARN old lockfile so supplemental metadata must be fetched from the registry.
      npm WARN old lockfile 
      npm WARN old lockfile This is a one-time fix-up, please be patient...
      npm WARN old lockfile 

      added <NUMBER> packages, and audited <NUMBER> packages in <time_elapsed>

      found 0 vulnerabilities

  - Done (<time_elapsed>)
- Running scripts
  - No build scripts found
- Configuring default processes
  - Skipping default web process (no start script defined)
- Done (finished in <time_elapsed>)
