---
source: test_support/src/lib.rs
---
===> ANALYZING
Image with name "<image-name>" not found
===> DETECTING
heroku/nodejs-engine 4.1.1
===> RESTORING
<restoring-output>
===> BUILDING

## Heroku Node.js Engine

- Checking Node.js version
  - Detected Node.js version range: `>=24.0.0 <25.0.0-0`
  - Resolved Node.js version: `24.6.0`
- Installing Node.js distribution
  - GET https://nodejs.org/download/release/v24.6.0/node-v24.6.0-<arch>.tar.gz ... (OK)
  - Downloading ... (<time_elapsed>)
  - Verifying checksum
  - Extracting Node.js `24.6.0 (<arch>)`
  - Installing Node.js `24.6.0 (<arch>)` ... (<time_elapsed>)
- Done (finished in <time_elapsed>)
===> EXPORTING
Adding layer 'heroku/nodejs-engine:available_parallelism'
Adding layer 'heroku/nodejs-engine:dist'
Adding layer 'heroku/nodejs-engine:web_env'
Adding layer 'buildpacksio/lifecycle:launch.sbom'
Added 1/1 app layer(s)
Adding layer 'buildpacksio/lifecycle:launcher'
Adding layer 'buildpacksio/lifecycle:config'
Adding layer 'buildpacksio/lifecycle:process-types'
Adding label 'io.buildpacks.lifecycle.metadata'
Adding label 'io.buildpacks.build.metadata'
Adding label 'io.buildpacks.project.metadata'
Setting default process type 'web'
Saving <image-name>...
*** Images (<random-hex>):
      <image-name>
Adding cache layer 'heroku/nodejs-engine:dist'
Successfully built image '<image-name>'
