---
source: buildpacks/nodejs-engine/src/errors.rs
---
! Node.js distribution checksum verification failed
!
! An error occurred while verifying the checksum of the Node.js distribution from https://nodejs.org/download/release/v23.6.0/node-v23.6.0-linux-arm64.tar.gz. This error can occur due to an issue with the upstream Node.js download server.
!
! Checksum:
! - Expected: `d41d8cd98f00b204e9800998ecf8427e`
! - Actual: `e62ff0123a74adfc6903d59a449cbdb0`
!
! Use the debug information above to troubleshoot and retry your build.
!
! If the issue persists and you think you found a bug in the buildpack, reproduce the issue locally with a minimal example. Open an issue in the buildpack's GitHub repository and include the details here:
! https://github.com/heroku/buildpacks-nodejs/issues
