---
source: crates/test_support/src/lib.rs
---
===> ANALYZING
Image with name "<image-name>" not found
===> DETECTING
heroku/nodejs <buildpack-version>
===> RESTORING
<restoring-output>
===> BUILDING

## Heroku Node.js

- Checking Node.js version
  - Node.js version not specified, using `22.x`
  - Resolved Node.js version: `22.21.0`
- Installing Node.js distribution
  - GET https://nodejs.org/download/release/v22.21.0/node-v22.21.0-<arch>.tar.gz ... (OK)
  - Downloading ... (<time_elapsed>)
  - Verifying checksum
  - Extracting Node.js `22.21.0 (<arch>)`
  - Installing Node.js `22.21.0 (<arch>)` ... (<time_elapsed>)
- Using Corepack version `0.34.0`
- Found `packageManager` set to `pnpm@7.32.3` in `package.json`
- Enabling Corepack
  - Creating Corepack shims
  - Executing `corepack enable --install-directory /layers/heroku_nodejs/shim/bin pnpm`
- Installing `pnpm@7.32.3`
  - Creating Corepack package manager
  - Running `corepack prepare`

      Preparing pnpm@7.32.3...

  - Done (<time_elapsed>)
- Setting up pnpm dependency store
  - Creating new pnpm content-addressable store
  - Creating pnpm virtual store
- Installing dependencies
  - Running `pnpm install --frozen-lockfile`

      Lockfile is up to date, resolution step is skipped
      Packages: +2
      ++
      Packages are hard linked from the content-addressable store to the virtual store.
        Content-addressable store is at: /layers/heroku_nodejs/addressable/v3
        Virtual store is at:             ../layers/heroku_nodejs/virtual/store

      dependencies:
      + debug 4.3.4

      Done in <time_elapsed>

  - Done (<time_elapsed>)
- Pruning unused dependencies from pnpm content-addressable store
  - Running `pnpm store prune`

      Removed all cached metadata files
      Removed 0 files
      Removed 0 packages

  - Done (<time_elapsed>)
- Running scripts
  - No build scripts found
- Pruning dev dependencies
  - Running `pnpm prune --prod`

      Lockfile is up to date, resolution step is skipped
      Already up to date

      devDependencies: skipped

  - Done (<time_elapsed>)
- Done (finished in <time_elapsed>)
===> EXPORTING
Adding layer 'heroku/nodejs:available_parallelism'
Adding layer 'heroku/nodejs:dist'
Adding layer 'heroku/nodejs:mgr'
Adding layer 'heroku/nodejs:shim'
Adding layer 'heroku/nodejs:virtual'
Adding layer 'heroku/nodejs:web_env'
Adding layer 'buildpacksio/lifecycle:launch.sbom'
Added 1/1 app layer(s)
Adding layer 'buildpacksio/lifecycle:launcher'
Adding layer 'buildpacksio/lifecycle:config'
Adding label 'io.buildpacks.lifecycle.metadata'
Adding label 'io.buildpacks.build.metadata'
Adding label 'io.buildpacks.project.metadata'
no default process type
Saving <image-name>...
*** Images (<random-hex>):
      <image-name>
Adding cache layer 'heroku/nodejs:addressable'
Adding cache layer 'heroku/nodejs:dist'
Adding cache layer 'heroku/nodejs:mgr'
Adding cache layer 'heroku/nodejs:shim'
Successfully built image '<image-name>'
