---
source: crates/test_support/src/lib.rs
---
===> ANALYZING
Image with name "<image-name>" not found
===> DETECTING
heroku/nodejs <buildpack-version>
===> RESTORING
<restoring-output>
===> BUILDING

## Heroku Node.js

- Checking Node.js version
  - Detected Node.js version range: `>=22.0.0 <23.0.0-0`
  - Resolved Node.js version: `22.20.0`
- Installing Node.js distribution
  - GET https://nodejs.org/download/release/v22.20.0/node-v22.20.0-<arch>.tar.gz ... (OK)
  - Downloading ... (<time_elapsed>)
  - Verifying checksum
  - Extracting Node.js `22.20.0 (<arch>)`
  - Installing Node.js `22.20.0 (<arch>)` ... (<time_elapsed>)
- Determining npm package information
  - Found `packageManager` set to `npm@10.2.0` in `package.json`
  - GET https://registry.npmjs.org/npm ... (OK)
  - Downloading ... (<time_elapsed>)
  - Resolved npm version `10.2.0` to `10.2.0`
- Installing npm
  - GET https://registry.npmjs.org/npm/-/npm-10.2.0.tgz ... (OK)
  - Downloading ... (<time_elapsed>)
  - Removing npm bundled with Node.js
  - Installing requested npm
  - Successfully installed `npm@10.2.0`
- Installing node modules
  - Using npm version `10.2.0`
  - Creating npm cache
  - Configuring npm cache directory
  - Running `npm ci`


      added <NUMBER> packages, and audited <NUMBER> packages in <time_elapsed>

      found 0 vulnerabilities

  - Done (<time_elapsed>)
- Running scripts
  - No build scripts found
- Pruning dev dependencies
  - Running `npm prune`


      up to date, audited <N> packages in <time_elapsed>

      found 0 vulnerabilities

  - Done (<time_elapsed>)
- Configuring default processes
  - Skipping default web process (no start script defined)
- Done (finished in <time_elapsed>)
===> EXPORTING
Adding layer 'heroku/nodejs:available_parallelism'
Adding layer 'heroku/nodejs:dist'
Adding layer 'heroku/nodejs:npm_engine'
Adding layer 'heroku/nodejs:npm_runtime_config'
Adding layer 'heroku/nodejs:web_env'
Adding layer 'buildpacksio/lifecycle:launch.sbom'
Added 1/1 app layer(s)
Adding layer 'buildpacksio/lifecycle:launcher'
Adding layer 'buildpacksio/lifecycle:config'
Adding label 'io.buildpacks.lifecycle.metadata'
Adding label 'io.buildpacks.build.metadata'
Adding label 'io.buildpacks.project.metadata'
no default process type
Saving <image-name>...
*** Images (<random-hex>):
      <image-name>
Adding cache layer 'heroku/nodejs:dist'
Adding cache layer 'heroku/nodejs:npm_cache'
Adding cache layer 'heroku/nodejs:npm_engine'
Adding cache layer 'heroku/nodejs:npm_packument'
Successfully built image '<image-name>'
