---
source: src/utils/error_handling.rs
---
- Debug Info:
  - Command failed `<package_manager> prune`
    exit status: 1
    stdout: <empty>
    stderr: <empty>

! Failed to prune dev dependencies
!
! The Heroku Node.js buildpack uses the command `<package_manager> prune` to remove your dev dependencies from the production environment. This command failed and the buildpack cannot continue. See the log output above for more information.
!
! Suggestions:
! - Ensure that this command runs locally without error (exit status = 0).
!
! Use the debug information above to troubleshoot and retry your build.
